Microchip MPLAB XC8 Compiler V1.38 ()

Linker command line:

--edf=C:\Program Files (x86)\Microchip\xc8\v1.38\dat\en_msgs.txt -cs \
  -h+dist/default/production\16F1455GenericHid.production.sym \
  --cmf=dist/default/production\16F1455GenericHid.production.cmf -z \
  -Q16F1455 -oC:\Users\ALEX-M~1\AppData\Local\Temp\s3uc.2 \
  -Mdist/default/production/16F1455GenericHid.production.map -E1 -ver=XC8 \
  -ASTACK=0204Bh-023efh -pstack=STACK -ACODE=00h-07FFhx4 \
  -ASTRCODE=00h-01FFFh -ASTRING=00h-0FFhx32 -ACONST=00h-0FFhx32 \
  -AENTRY=00h-0FFhx32 -ACOMMON=070h-07Fh -ABANK0=020h-06Fh \
  -ABANK1=0A0h-0EFh -ABANK2=0120h-016Fh -ABANK3=01A0h-01EFh \
  -ABANK4=0220h-026Fh -ABANK5=02A0h-02EFh -ABANK6=0320h-036Fh \
  -ABANK7=03A0h-03EFh -ABANK8=0420h-046Fh -ABANK9=04A0h-04EFh \
  -ABANK10=0520h-056Fh -ABANK11=05A0h-05EFh -ABANK12=0620h-064Fh \
  -ABIGRAM=02000h-023EFh \
  -ARAM=020h-06Fh,0A0h-0EFh,0120h-016Fh,01A0h-01EFh,0220h-026Fh,02A0h-02EFh,0320h-036Fh,03A0h-03EFh,0420h-046Fh,04A0h-04EFh,0520h-056Fh,05A0h-05EFh,0620h-064Fh \
  -AABS1=020h-07Fh,0A0h-0EFh,0120h-016Fh,01A0h-01EFh,0220h-026Fh,02A0h-02EFh,0320h-036Fh,03A0h-03EFh,0420h-046Fh,04A0h-04EFh,0520h-056Fh,05A0h-05EFh,0620h-064Fh \
  -ASFR0=00h-01Fh -ASFR1=080h-09Fh -ASFR2=0100h-011Fh -ASFR3=0180h-019Fh \
  -ASFR4=0200h-021Fh -ASFR5=0280h-029Fh -ASFR6=0300h-031Fh \
  -ASFR7=0380h-039Fh -ASFR8=0400h-041Fh -ASFR9=0480h-049Fh \
  -ASFR10=0500h-051Fh -ASFR11=0580h-059Fh -ASFR12=0600h-061Fh \
  -ASFR13=0680h-06EFh -ASFR14=0700h-076Fh -ASFR15=0780h-07EFh \
  -ASFR16=0800h-086Fh -ASFR17=0880h-08EFh -ASFR18=0900h-096Fh \
  -ASFR19=0980h-09EFh -ASFR20=0A00h-0A6Fh -ASFR21=0A80h-0AEFh \
  -ASFR22=0B00h-0B6Fh -ASFR23=0B80h-0BEFh -ASFR24=0C00h-0C6Fh \
  -ASFR25=0C80h-0CEFh -ASFR26=0D00h-0D6Fh -ASFR27=0D80h-0DEFh \
  -ASFR28=0E00h-0E6Fh -ASFR29=0E80h-0EEFh -ASFR30=0F00h-0F6Fh \
  -ASFR31=0F80h-0FEFh -preset_vec=00h,intentry=04h,init,end_init \
  -ppowerup=CODE -pcinit=CODE -pfunctab=CODE -ACONFIG=08007h-08008h \
  -pconfig=CONFIG -DCONFIG=2 -AIDLOC=08000h-08003h -pidloc=IDLOC -DIDLOC=2 \
  -DCODE=2 -DSTRCODE=2 -DSTRING=2 -DCONST=2 -DENTRY=2 -k \
  C:\Users\ALEX-M~1\AppData\Local\Temp\s3uc.obj \
  dist/default/production\16F1455GenericHid.production.obj 

Object code version is 3.11

Machine type is 16F1455



                Name                               Link     Load   Length Selector   Space Scale
C:\Users\ALEX-M~1\AppData\Local\Temp\s3uc.obj
                end_init                             12       12        2        8       0
                reset_vec                             0        0        2        0       0
                config                             8007     8007        2    1000E       0
dist/default/production\16F1455GenericHid.production.obj
                cinit                                14       14       1B        8       0
                intentry                              4        4        E        8       0
                text30                              6B9      6B9        E      196       0
                text29                              62F      62F       1A      196       0
                text28                              59A      59A       33      196       0
                text27                              14F      14F       7D      196       0
                text26                              1CC      1CC       7B      196       0
                text25                              442      442       59      196       0
                text24                              546      546       54      196       0
                text23                               CB       CB       84      196       0
                text22                              384      384       60      196       0
                text21                              247      247       74      196       0
                text20                              323      323       61      196       0
                text19                              3E4      3E4       5E      196       0
                text18                              6C7      6C7        9      196       0
                text17                              6F6      6F6        3      196       0
                text16                              6E0      6E0        8      196       0
                text15                              6D8      6D8        8      196       0
                text14                              2BB      2BB       68      196       0
                text12                              6D0      6D0        8      196       0
                text11                              649      649       16      196       0
                text10                              674      674       14      196       0
                text9                               6F2      6F2        4      196       0
                text8                               6AA      6AA        F      196       0
                text7                               4F1      4F1       55      196       0
                text6                               5CD      5CD       25      196       0
                text5                               5F2      5F2       1F      196       0
                text4                               65F      65F       15      196       0
                text3                               49B      49B       56      196       0
                text2                               688      688       12      196       0
                text1                               611      611       1E      196       0
                maintext                            69A      69A       10      196       0
                cstackBANK0                          68       68        3       30       1
                cstackCOMMON                         70       70        E       70       1
                clrtext                             6E8      6E8        6      196       0
                dataBANK0                            64       64        4       30       1
                bssBANK0                             30       30       34       30       1
                stringtext                           2F       2F       9C       5E       0
                idataBANK0                          6EE      6EE        4      196       0

TOTAL           Name                               Link     Load   Length     Space
        CLASS   STACK          

        CLASS   CODE           
                end_init                             12       12        2         0
                cinit                                14       14       1B         0
                intentry                              4        4        E         0
                reset_vec                             0        0        2         0
                text30                              6B9      6B9        E         0
                text29                              62F      62F       1A         0
                text28                              59A      59A       33         0
                text27                              14F      14F       7D         0
                text26                              1CC      1CC       7B         0
                text25                              442      442       59         0
                text24                              546      546       54         0
                text23                               CB       CB       84         0
                text22                              384      384       60         0
                text21                              247      247       74         0
                text20                              323      323       61         0
                text19                              3E4      3E4       5E         0
                text18                              6C7      6C7        9         0
                text17                              6F6      6F6        3         0
                text16                              6E0      6E0        8         0
                text15                              6D8      6D8        8         0
                text14                              2BB      2BB       68         0
                text12                              6D0      6D0        8         0
                text11                              649      649       16         0
                text10                              674      674       14         0
                text9                               6F2      6F2        4         0
                text8                               6AA      6AA        F         0
                text7                               4F1      4F1       55         0
                text6                               5CD      5CD       25         0
                text5                               5F2      5F2       1F         0
                text4                               65F      65F       15         0
                text3                               49B      49B       56         0
                text2                               688      688       12         0
                text1                               611      611       1E         0
                maintext                            69A      69A       10         0
                clrtext                             6E8      6E8        6         0
                idataBANK0                          6EE      6EE        4         0

        CLASS   STRCODE        
                stringtext                           2F       2F       9C         0

        CLASS   STRING         

        CLASS   CONST          

        CLASS   ENTRY          

        CLASS   COMMON         
                cstackCOMMON                         70       70        E         1

        CLASS   BANK0          
                cstackBANK0                          68       68        3         1
                dataBANK0                            64       64        4         1
                bssBANK0                             30       30       34         1

        CLASS   BANK1          

        CLASS   BANK2          

        CLASS   BANK3          

        CLASS   BANK4          

        CLASS   BANK5          

        CLASS   BANK6          

        CLASS   BANK7          

        CLASS   BANK8          

        CLASS   BANK9          

        CLASS   BANK10         

        CLASS   BANK11         

        CLASS   BANK12         

        CLASS   BIGRAM         

        CLASS   RAM            

        CLASS   ABS1           
                abs_s1                               20       20       10         1
                abs_s1                               7E       7E        2         1

        CLASS   SFR0           

        CLASS   SFR1           

        CLASS   SFR2           

        CLASS   SFR3           

        CLASS   SFR4           

        CLASS   SFR5           

        CLASS   SFR6           

        CLASS   SFR7           

        CLASS   SFR8           

        CLASS   SFR9           

        CLASS   SFR10          

        CLASS   SFR11          

        CLASS   SFR12          

        CLASS   SFR13          

        CLASS   SFR14          

        CLASS   SFR15          

        CLASS   SFR16          

        CLASS   SFR17          

        CLASS   SFR18          

        CLASS   SFR19          

        CLASS   SFR20          

        CLASS   SFR21          

        CLASS   SFR22          

        CLASS   SFR23          

        CLASS   SFR24          

        CLASS   SFR25          

        CLASS   SFR26          

        CLASS   SFR27          

        CLASS   SFR28          

        CLASS   SFR29          

        CLASS   SFR30          

        CLASS   SFR31          

        CLASS   CONFIG         
                config                             8007     8007        2         0

        CLASS   IDLOC          

        CLASS   BANK31         

        CLASS   BANK30         

        CLASS   BANK29         

        CLASS   BANK28         

        CLASS   BANK27         

        CLASS   BANK26         

        CLASS   BANK25         

        CLASS   BANK24         

        CLASS   BANK23         

        CLASS   BANK22         

        CLASS   BANK21         

        CLASS   BANK20         

        CLASS   BANK19         

        CLASS   BANK18         

        CLASS   BANK17         

        CLASS   BANK16         

        CLASS   BANK15         

        CLASS   BANK14         

        CLASS   BANK13         

        CLASS   EEDATA         



SEGMENTS        Name                           Load    Length   Top    Selector   Space  Class     Delta

                reset_vec                      000000  000002  000002         0       0  CODE        2
                intentry                       000004  00002B  00002F         8       0  CODE        2
                bssBANK0                       000030  00003B  00006B        30       1  BANK0       1
                stringtext                     00002F  00009C  0000CB        5E       0  STRCODE     2
                cstackCOMMON                   000070  00000E  00007E        70       1  COMMON      1
                text23                         0000CB  00062E  0006F9       196       0  CODE        2
                config                         008007  000002  008009     1000E       0  CONFIG      2


UNUSED ADDRESS RANGES

        Name                Unused          Largest block    Delta
        BANK0            0006B-0006F               5           1
        BANK1            000A0-000EF              50           1
        BANK10           00520-0056F              50           1
        BANK11           005A0-005EF              50           1
        BANK12           00620-0064F              30           1
        BANK2            00120-0016F              50           1
        BANK3            001A0-001EF              50           1
        BANK4            00220-0026F              50           1
        BANK5            002A0-002EF              50           1
        BANK6            00320-0036F              50           1
        BANK7            003A0-003EF              50           1
        BANK8            00420-0046F              50           1
        BANK9            004A0-004EF              50           1
        BIGRAM           02000-023EF             3F0           1
        CODE             00002-00003               2           2
                         006F9-01FFF             800
        CONST            00002-00003               2           2
                         006F9-01FFF             100
        ENTRY            00002-00003               2           2
                         006F9-01FFF             100
        IDLOC            08000-08003               4           2
        RAM              0006B-0006F               5           1
                         000A0-000EF              50
                         00120-0016F              50
                         001A0-001EF              50
                         00220-0026F              50
                         002A0-002EF              50
                         00320-0036F              50
                         003A0-003EF              50
                         00420-0046F              50
                         004A0-004EF              50
                         00520-0056F              50
                         005A0-005EF              50
                         00620-0064F              30
        SFR0             00000-0001F              20           1
        SFR1             00080-0009F              20           1
        SFR10            00500-0051F              20           1
        SFR11            00580-0059F              20           1
        SFR12            00600-0061F              20           1
        SFR13            00680-006EF              70           1
        SFR14            00700-0076F              70           1
        SFR15            00780-007EF              70           1
        SFR16            00800-0086F              70           1
        SFR17            00880-008EF              70           1
        SFR18            00900-0096F              70           1
        SFR19            00980-009EF              70           1
        SFR2             00100-0011F              20           1
        SFR20            00A00-00A6F              70           1
        SFR21            00A80-00AEF              70           1
        SFR22            00B00-00B6F              70           1
        SFR23            00B80-00BEF              70           1
        SFR24            00C00-00C6F              70           1
        SFR25            00C80-00CEF              70           1
        SFR26            00D00-00D6F              70           1
        SFR27            00D80-00DEF              70           1
        SFR28            00E00-00E6F              70           1
        SFR29            00E80-00EEF              70           1
        SFR3             00180-0019F              20           1
        SFR30            00F00-00F6F              70           1
        SFR31            00F80-00FEF              70           1
        SFR4             00200-0021F              20           1
        SFR5             00280-0029F              20           1
        SFR6             00300-0031F              20           1
        SFR7             00380-0039F              20           1
        SFR8             00400-0041F              20           1
        SFR9             00480-0049F              20           1
        STACK            0204B-023EF             3A5           1
        STRCODE          00002-00003               2           2
                         006F9-01FFF            1907
        STRING           00002-00003               2           2
                         006F9-01FFF             100

                                  Symbol Table

GetDescriptor@descriptorIndex     cstackCOMMON 00073
GetDescriptor@descriptorType      cstackCOMMON 00074
GetStatus@endpointDir             cstackCOMMON 00073
GetStatus@endpointNum             cstackCOMMON 00072
GetStatus@recipient               cstackCOMMON 00074
HIDInitEndpoints@i                cstackCOMMON 00074
HIDSend@InterfaceNo               cstackBANK0  0006A
InDataStage@bufferSize            cstackCOMMON 00073
InDataStage@i                     cstackCOMMON 00072
IsUsbDataAvaialble@InterfaceNo    cstackBANK0  00069
OutDataStage@bufferSize           cstackCOMMON 00073
OutDataStage@i                    cstackCOMMON 00071
PrepareTxBuffer@i                 cstackBANK0  00069
ProcessControlTransfer@PID        cstackCOMMON 0007B
ProcessHIDRequest@bRequest        cstackCOMMON 00072
ProcessHIDRequest@descriptorType  cstackCOMMON 00071
ProcessStandardRequest@request    cstackCOMMON 00077
ReArmInterface@InterfaceNo        cstackBANK0  0006A
SetFeature@endpointDir            cstackCOMMON 00075
SetFeature@endpointNum            cstackCOMMON 00074
SetFeature@feature                cstackCOMMON 00073
SetFeature@recipient              cstackCOMMON 00072
_ACTCON                           (abs)        0039B
_ANSELA                           (abs)        0018C
_ANSELC                           (abs)        0018E
_Buffers                          dataBANK0    00064
_BusReset                         text29       0062F
_ButtonStatus                     bssBANK0     00034
_CheckUsb                         text2        00688
_ConfigurationDescriptor          stringtext   00064
_ControlTransferBuffer            bssBANK0     00049
_CtrlTransferStage                bssBANK0     00035
_CurrentConfiguration             bssBANK0     00061
_DeviceAddress                    bssBANK0     00036
_DeviceDescriptor                 stringtext   000A9
_DeviceState                      bssBANK0     00037
_EnableInterrupts                 text12       006D0
_EnableUSBModule                  text11       00649
_EndpointFlags                    (abs)        00E99
_GetDescriptor                    text25       00442
_GetStatus                        text24       00546
_HIDInitEndpoints                 text23       000CB
_HIDPostProcess                   bssBANK0     00038
_HIDReport                        stringtext   00035
_HIDRxBuffer                      bssBANK0     00051
_HIDSend                          text7        004F1
_HIDTxBuffer                      bssBANK0     00059
_HidIdleRate                      bssBANK0     00062
_HidProtocol                      bssBANK0     00063
_HidRxLen                         bssBANK0     00039
_INTCONbits                       (abs)        0000B
_ISRCode                          intentry     00004
_InDataStage                      text27       0014F
_InitializeSystem                 text10       00674
_InitializeUSB                    text8        006AA
_Interfaces                       (abs)        00020
_IsUsbDataAvaialble               text6        005CD
_LATC                             (abs)        0010E
_OPTION_REG                       (abs)        00095
_OSCCON                           (abs)        00099
_OSCTUNE                          (abs)        00098
_OutDataStage                     text28       0059A
_PIE2bits                         (abs)        00092
_PIR2bits                         (abs)        00012
_PrepareTxBuffer                  text5        005F2
_ProcessControlTransfer           text19       003E4
_ProcessHIDRequest                text26       001CC
_ProcessIO                        text1        00611
_ProcessIncommingData             text4        0065F
_ProcessStandardRequest           text21       00247
_ProcessUSBTransactions           text14       002BB
_RC2                              (abs)        00072
_RC3                              (abs)        00073
_ROMoutPtr                        bssBANK0     00030
_ReArmInterface                   text3        0049B
_RemoteWakeup                     bssBANK0     0003A
_RequestHandled                   bssBANK0     0003B
_ResetPPBuffers                   text9        006F2
_SelfPowered                      bssBANK0     0003C
_SetFeature                       text22       00384
_SetupPacket                      bssBANK0     00040
_SetupStage                       text20       00323
_Stall                            text18       006C7
_StartOfFrame                     text17       006F6
_StringDescriptor0                stringtext   000C8
_StringDescriptor1                stringtext   000BB
_StringDescriptor2                stringtext   0008D
_StringDescriptorPointers         stringtext   0002F
_Suspend                          text16       006E0
_TRISC                            (abs)        0008E
_UADDR                            (abs)        00E96
_UCFG                             (abs)        00E91
_UCON                             (abs)        00E8E
_UCONbits                         (abs)        00E8E
_UEIE                             (abs)        00E97
_UEIR                             (abs)        00E93
_UEP0                             (abs)        00E98
_UEP0bits                         (abs)        00E98
_UIE                              (abs)        00E92
_UIEbits                          (abs)        00E92
_UIR                              (abs)        00E90
_UIRbits                          (abs)        00E90
_USTAT                            (abs)        00E8F
_UnSuspend                        text15       006D8
_WaitForSetupStage                text30       006B9
__CFG_BOREN$ON                    (abs)        00000
__CFG_BORV$LO                     (abs)        00000
__CFG_CLKOUTEN$OFF                (abs)        00000
__CFG_CP$OFF                      (abs)        00000
__CFG_CPUDIV$NOCLKDIV             (abs)        00000
__CFG_FCMEN$OFF                   (abs)        00000
__CFG_FOSC$INTOSC                 (abs)        00000
__CFG_IESO$OFF                    (abs)        00000
__CFG_LPBOR$OFF                   (abs)        00000
__CFG_LVP$OFF                     (abs)        00000
__CFG_MCLRE$OFF                   (abs)        00000
__CFG_PLLEN$ENABLED               (abs)        00000
__CFG_PLLMULT$3x                  (abs)        00000
__CFG_PWRTE$OFF                   (abs)        00000
__CFG_STVREN$ON                   (abs)        00000
__CFG_USBLSCLK$48MHz              (abs)        00000
__CFG_WDTE$OFF                    (abs)        00000
__CFG_WRT$OFF                     (abs)        00000
__Habs1                           abs1         00000
__Hbank0                          bank0        00000
__Hbank1                          bank1        00000
__Hbank10                         bank10       00000
__Hbank11                         bank11       00000
__Hbank12                         bank12       00000
__Hbank13                         bank13       00000
__Hbank14                         bank14       00000
__Hbank15                         bank15       00000
__Hbank16                         bank16       00000
__Hbank17                         bank17       00000
__Hbank18                         bank18       00000
__Hbank19                         bank19       00000
__Hbank2                          bank2        00000
__Hbank20                         bank20       00000
__Hbank21                         bank21       00000
__Hbank22                         bank22       00000
__Hbank23                         bank23       00000
__Hbank24                         bank24       00000
__Hbank25                         bank25       00000
__Hbank26                         bank26       00000
__Hbank27                         bank27       00000
__Hbank28                         bank28       00000
__Hbank29                         bank29       00000
__Hbank3                          bank3        00000
__Hbank30                         bank30       00000
__Hbank31                         bank31       00000
__Hbank4                          bank4        00000
__Hbank5                          bank5        00000
__Hbank6                          bank6        00000
__Hbank7                          bank7        00000
__Hbank8                          bank8        00000
__Hbank9                          bank9        00000
__Hbigram                         bigram       00000
__HbssBANK0                       bssBANK0     00000
__Hcinit                          cinit        0002F
__Hclrtext                        clrtext      00000
__Hcode                           code         00000
__Hcommon                         common       00000
__Hconfig                         config       08009
__HcstackBANK0                    cstackBANK0  00000
__HcstackCOMMON                   cstackCOMMON 00000
__HdataBANK0                      dataBANK0    00000
__Heeprom_data                    eeprom_data  00000
__Hend_init                       end_init     00014
__Hfunctab                        functab      00000
__HidataBANK0                     idataBANK0   00000
__Hidloc                          idloc        00000
__Hinit                           init         00012
__Hintentry                       intentry     00012
__Hmaintext                       maintext     00000
__Hpowerup                        powerup      00000
__Hram                            ram          00000
__Hreset_vec                      reset_vec    00002
__Hsfr0                           sfr0         00000
__Hsfr1                           sfr1         00000
__Hsfr10                          sfr10        00000
__Hsfr11                          sfr11        00000
__Hsfr12                          sfr12        00000
__Hsfr13                          sfr13        00000
__Hsfr14                          sfr14        00000
__Hsfr15                          sfr15        00000
__Hsfr16                          sfr16        00000
__Hsfr17                          sfr17        00000
__Hsfr18                          sfr18        00000
__Hsfr19                          sfr19        00000
__Hsfr2                           sfr2         00000
__Hsfr20                          sfr20        00000
__Hsfr21                          sfr21        00000
__Hsfr22                          sfr22        00000
__Hsfr23                          sfr23        00000
__Hsfr24                          sfr24        00000
__Hsfr25                          sfr25        00000
__Hsfr26                          sfr26        00000
__Hsfr27                          sfr27        00000
__Hsfr28                          sfr28        00000
__Hsfr29                          sfr29        00000
__Hsfr3                           sfr3         00000
__Hsfr30                          sfr30        00000
__Hsfr31                          sfr31        00000
__Hsfr4                           sfr4         00000
__Hsfr5                           sfr5         00000
__Hsfr6                           sfr6         00000
__Hsfr7                           sfr7         00000
__Hsfr8                           sfr8         00000
__Hsfr9                           sfr9         00000
__Hspace_0                        (abs)        08009
__Hspace_1                        (abs)        0007E
__Hspace_2                        (abs)        00000
__Hspace_3                        (abs)        00000
__Hstack                          stack        00000
__Hstrings                        strings      00000
__Hstringtext                     stringtext   00000
__Htext                           text         00000
__Labs1                           abs1         00000
__Lbank0                          bank0        00000
__Lbank1                          bank1        00000
__Lbank10                         bank10       00000
__Lbank11                         bank11       00000
__Lbank12                         bank12       00000
__Lbank13                         bank13       00000
__Lbank14                         bank14       00000
__Lbank15                         bank15       00000
__Lbank16                         bank16       00000
__Lbank17                         bank17       00000
__Lbank18                         bank18       00000
__Lbank19                         bank19       00000
__Lbank2                          bank2        00000
__Lbank20                         bank20       00000
__Lbank21                         bank21       00000
__Lbank22                         bank22       00000
__Lbank23                         bank23       00000
__Lbank24                         bank24       00000
__Lbank25                         bank25       00000
__Lbank26                         bank26       00000
__Lbank27                         bank27       00000
__Lbank28                         bank28       00000
__Lbank29                         bank29       00000
__Lbank3                          bank3        00000
__Lbank30                         bank30       00000
__Lbank31                         bank31       00000
__Lbank4                          bank4        00000
__Lbank5                          bank5        00000
__Lbank6                          bank6        00000
__Lbank7                          bank7        00000
__Lbank8                          bank8        00000
__Lbank9                          bank9        00000
__Lbigram                         bigram       00000
__LbssBANK0                       bssBANK0     00000
__Lcinit                          cinit        00014
__Lclrtext                        clrtext      00000
__Lcode                           code         00000
__Lcommon                         common       00000
__Lconfig                         config       08007
__LcstackBANK0                    cstackBANK0  00000
__LcstackCOMMON                   cstackCOMMON 00000
__LdataBANK0                      dataBANK0    00000
__Leeprom_data                    eeprom_data  00000
__Lend_init                       end_init     00012
__Lfunctab                        functab      00000
__LidataBANK0                     idataBANK0   00000
__Lidloc                          idloc        00000
__Linit                           init         00012
__Lintentry                       intentry     00004
__Lmaintext                       maintext     00000
__Lpowerup                        powerup      00000
__Lram                            ram          00000
__Lreset_vec                      reset_vec    00000
__Lsfr0                           sfr0         00000
__Lsfr1                           sfr1         00000
__Lsfr10                          sfr10        00000
__Lsfr11                          sfr11        00000
__Lsfr12                          sfr12        00000
__Lsfr13                          sfr13        00000
__Lsfr14                          sfr14        00000
__Lsfr15                          sfr15        00000
__Lsfr16                          sfr16        00000
__Lsfr17                          sfr17        00000
__Lsfr18                          sfr18        00000
__Lsfr19                          sfr19        00000
__Lsfr2                           sfr2         00000
__Lsfr20                          sfr20        00000
__Lsfr21                          sfr21        00000
__Lsfr22                          sfr22        00000
__Lsfr23                          sfr23        00000
__Lsfr24                          sfr24        00000
__Lsfr25                          sfr25        00000
__Lsfr26                          sfr26        00000
__Lsfr27                          sfr27        00000
__Lsfr28                          sfr28        00000
__Lsfr29                          sfr29        00000
__Lsfr3                           sfr3         00000
__Lsfr30                          sfr30        00000
__Lsfr31                          sfr31        00000
__Lsfr4                           sfr4         00000
__Lsfr5                           sfr5         00000
__Lsfr6                           sfr6         00000
__Lsfr7                           sfr7         00000
__Lsfr8                           sfr8         00000
__Lsfr9                           sfr9         00000
__Lspace_0                        (abs)        00000
__Lspace_1                        (abs)        00000
__Lspace_2                        (abs)        00000
__Lspace_3                        (abs)        00000
__Lstack                          stack        00000
__Lstrings                        strings      00000
__Lstringtext                     stringtext   00000
__Ltext                           text         00000
__S0                              (abs)        08009
__S1                              (abs)        0007E
__S2                              (abs)        00000
___int_sp                         stack        00000
___latbits                        (abs)        00002
___sp                             stack        00000
__end_of_BusReset                 text29       00649
__end_of_CheckUsb                 text2        0069A
__end_of_ConfigurationDescriptor  stringtext   0008D
__end_of_DeviceDescriptor         stringtext   000BB
__end_of_EnableInterrupts         text12       006D8
__end_of_EnableUSBModule          text11       0065F
__end_of_GetDescriptor            text25       0049B
__end_of_GetStatus                text24       0059A
__end_of_HIDInitEndpoints         text23       0014F
__end_of_HIDReport                stringtext   00064
__end_of_HIDSend                  text7        00546
__end_of_ISRCode                  intentry     00012
__end_of_InDataStage              text27       001CC
__end_of_InitializeSystem         text10       00688
__end_of_InitializeUSB            text8        006B9
__end_of_IsUsbDataAvaialble       text6        005F2
__end_of_OutDataStage             text28       005CD
__end_of_PrepareTxBuffer          text5        00611
__end_of_ProcessControlTransfer   text19       00442
__end_of_ProcessHIDRequest        text26       00247
__end_of_ProcessIO                text1        0062F
__end_of_ProcessIncommingData     text4        00674
__end_of_ProcessStandardRequest   text21       002BB
__end_of_ProcessUSBTransactions   text14       00323
__end_of_ReArmInterface           text3        004F1
__end_of_ResetPPBuffers           text9        006F6
__end_of_SetFeature               text22       003E4
__end_of_SetupStage               text20       00384
__end_of_Stall                    text18       006D0
__end_of_StartOfFrame             text17       006F9
__end_of_StringDescriptor0        stringtext   000CB
__end_of_StringDescriptor1        stringtext   000C8
__end_of_StringDescriptor2        stringtext   000A9
__end_of_StringDescriptorPointers stringtext   00035
__end_of_Suspend                  text16       006E8
__end_of_UnSuspend                text15       006E0
__end_of_WaitForSetupStage        text30       006C7
__end_of__initialization          cinit        0002B
__end_of_main                     maintext     006AA
__initialization                  cinit        00014
__pbssBANK0                       bssBANK0     00030
__pcstackBANK0                    cstackBANK0  00068
__pcstackCOMMON                   cstackCOMMON 00070
__pdataBANK0                      dataBANK0    00064
__pidataBANK0                     idataBANK0   006EE
__pintentry                       intentry     00004
__pmaintext                       maintext     0069A
__pstringtext                     stringtext   0002F
__ptext1                          text1        00611
__ptext10                         text10       00674
__ptext11                         text11       00649
__ptext12                         text12       006D0
__ptext14                         text14       002BB
__ptext15                         text15       006D8
__ptext16                         text16       006E0
__ptext17                         text17       006F6
__ptext18                         text18       006C7
__ptext19                         text19       003E4
__ptext2                          text2        00688
__ptext20                         text20       00323
__ptext21                         text21       00247
__ptext22                         text22       00384
__ptext23                         text23       000CB
__ptext24                         text24       00546
__ptext25                         text25       00442
__ptext26                         text26       001CC
__ptext27                         text27       0014F
__ptext28                         text28       0059A
__ptext29                         text29       0062F
__ptext3                          text3        0049B
__ptext30                         text30       006B9
__ptext4                          text4        0065F
__ptext5                          text5        005F2
__ptext6                          text6        005CD
__ptext7                          text7        004F1
__ptext8                          text8        006AA
__ptext9                          text9        006F2
__size_of_BusReset                (abs)        00000
__size_of_CheckUsb                (abs)        00000
__size_of_EnableInterrupts        (abs)        00000
__size_of_EnableUSBModule         (abs)        00000
__size_of_GetDescriptor           (abs)        00000
__size_of_GetStatus               (abs)        00000
__size_of_HIDInitEndpoints        (abs)        00000
__size_of_HIDSend                 (abs)        00000
__size_of_ISRCode                 (abs)        00000
__size_of_InDataStage             (abs)        00000
__size_of_InitializeSystem        (abs)        00000
__size_of_InitializeUSB           (abs)        00000
__size_of_IsUsbDataAvaialble      (abs)        00000
__size_of_OutDataStage            (abs)        00000
__size_of_PrepareTxBuffer         (abs)        00000
__size_of_ProcessControlTransfer  (abs)        00000
__size_of_ProcessHIDRequest       (abs)        00000
__size_of_ProcessIO               (abs)        00000
__size_of_ProcessIncommingData    (abs)        00000
__size_of_ProcessStandardRequest  (abs)        00000
__size_of_ProcessUSBTransactions  (abs)        00000
__size_of_ReArmInterface          (abs)        00000
__size_of_ResetPPBuffers          (abs)        00000
__size_of_SetFeature              (abs)        00000
__size_of_SetupStage              (abs)        00000
__size_of_Stall                   (abs)        00000
__size_of_StartOfFrame            (abs)        00000
__size_of_Suspend                 (abs)        00000
__size_of_UnSuspend               (abs)        00000
__size_of_WaitForSetupStage       (abs)        00000
__size_of_main                    (abs)        00000
_inPtr                            bssBANK0     0003D
_main                             maintext     0069A
_outPtr                           bssBANK0     0003E
_transferType                     bssBANK0     0003F
_wCount                           bssBANK0     00032
btemp                             (abs)        0007E
clear_ram0                        clrtext      006E8
end_of_initialization             cinit        0002B
int$flags                         (abs)        0007E
intlevel0                         functab      00000
intlevel1                         functab      00000
intlevel2                         functab      00000
intlevel3                         functab      00000
intlevel4                         functab      00000
intlevel5                         functab      00000
ltemp                             (abs)        0007E
ltemp0                            (abs)        0007E
ltemp1                            (abs)        00082
ltemp2                            (abs)        00086
ltemp3                            (abs)        00080
reset_vec                         reset_vec    00000
stackhi                           (abs)        023EF
stacklo                           (abs)        0204B
start                             init         00012
start_initialization              cinit        00014
ttemp                             (abs)        0007E
ttemp0                            (abs)        0007E
ttemp1                            (abs)        00081
ttemp2                            (abs)        00084
ttemp3                            (abs)        00087
ttemp4                            (abs)        0007F
wtemp                             (abs)        0007E
wtemp0                            (abs)        0007E
wtemp1                            (abs)        00080
wtemp2                            (abs)        00082
wtemp3                            (abs)        00084
wtemp4                            (abs)        00086
wtemp5                            (abs)        00088
wtemp6                            (abs)        0007F


FUNCTION INFORMATION:

 *************** function _main *****************
 Defined at:
		line 130 in file "Source/Main.c"
 Parameters:    Size  Location     Type
		None
 Auto vars:     Size  Location     Type
		None
 Return value:  Size  Location     Type
                  1    wreg      void 
 Registers used:
		wreg, fsr1l, fsr1h, status,2, status,0, pclath, cstack
 Tracked objects:
		On entry : 
		On exit  : 
		Unchanged: 
 Data sizes:     COMMON   BANK0   BANK1   BANK2   BANK3   BANK4   BANK5   BANK6   BANK7   BANK8   BANK9  BANK10  BANK11  BANK12
      Params:         0       0       0       0       0       0       0       0       0       0       0       0       0       0
      Locals:         0       0       0       0       0       0       0       0       0       0       0       0       0       0
      Temps:          0       0       0       0       0       0       0       0       0       0       0       0       0       0
      Totals:         0       0       0       0       0       0       0       0       0       0       0       0       0       0
Total ram usage:        0 bytes
 Hardware stack levels required when called:   10
 This function calls:
		_EnableInterrupts
		_EnableUSBModule
		_InitializeSystem
		_InitializeUSB
		_ProcessIO
 This function is called by:
		Startup code after reset
 This function uses a non-reentrant model


 *************** function _ProcessIO *****************
 Defined at:
		line 114 in file "Source/Main.c"
 Parameters:    Size  Location     Type
		None
 Auto vars:     Size  Location     Type
		None
 Return value:  Size  Location     Type
                  1    wreg      void 
 Registers used:
		wreg, fsr1l, fsr1h, status,2, status,0, pclath, cstack
 Tracked objects:
		On entry : 
		On exit  : 
		Unchanged: 
 Data sizes:     COMMON   BANK0   BANK1   BANK2   BANK3   BANK4   BANK5   BANK6   BANK7   BANK8   BANK9  BANK10  BANK11  BANK12
      Params:         0       0       0       0       0       0       0       0       0       0       0       0       0       0
      Locals:         0       0       0       0       0       0       0       0       0       0       0       0       0       0
      Temps:          0       0       0       0       0       0       0       0       0       0       0       0       0       0
      Totals:         0       0       0       0       0       0       0       0       0       0       0       0       0       0
Total ram usage:        0 bytes
 Hardware stack levels used:    1
 Hardware stack levels required when called:    9
 This function calls:
		_CheckUsb
		_HIDSend
		_PrepareTxBuffer
 This function is called by:
		_main
 This function uses a non-reentrant model


 *************** function _CheckUsb *****************
 Defined at:
		line 104 in file "Source/Main.c"
 Parameters:    Size  Location     Type
		None
 Auto vars:     Size  Location     Type
		None
 Return value:  Size  Location     Type
                  1    wreg      void 
 Registers used:
		wreg, fsr1l, fsr1h, status,2, status,0, pclath, cstack
 Tracked objects:
		On entry : 
		On exit  : 
		Unchanged: 
 Data sizes:     COMMON   BANK0   BANK1   BANK2   BANK3   BANK4   BANK5   BANK6   BANK7   BANK8   BANK9  BANK10  BANK11  BANK12
      Params:         0       0       0       0       0       0       0       0       0       0       0       0       0       0
      Locals:         0       0       0       0       0       0       0       0       0       0       0       0       0       0
      Temps:          0       0       0       0       0       0       0       0       0       0       0       0       0       0
      Totals:         0       0       0       0       0       0       0       0       0       0       0       0       0       0
Total ram usage:        0 bytes
 Hardware stack levels used:    1
 Hardware stack levels required when called:    8
 This function calls:
		_HIDSend
		_IsUsbDataAvaialble
		_ProcessIncommingData
		_ReArmInterface
 This function is called by:
		_ProcessIO
 This function uses a non-reentrant model


 *************** function _ReArmInterface *****************
 Defined at:
		line 194 in file "Source/Usb.c"
 Parameters:    Size  Location     Type
  InterfaceNo     1    wreg     unsigned char 
 Auto vars:     Size  Location     Type
  InterfaceNo     1    2[BANK0 ] unsigned char 
 Return value:  Size  Location     Type
                  1    wreg      void 
 Registers used:
		wreg, fsr1l, fsr1h, status,2, status,0
 Tracked objects:
		On entry : 
		On exit  : 
		Unchanged: 
 Data sizes:     COMMON   BANK0   BANK1   BANK2   BANK3   BANK4   BANK5   BANK6   BANK7   BANK8   BANK9  BANK10  BANK11  BANK12
      Params:         0       0       0       0       0       0       0       0       0       0       0       0       0       0
      Locals:         0       1       0       0       0       0       0       0       0       0       0       0       0       0
      Temps:          0       2       0       0       0       0       0       0       0       0       0       0       0       0
      Totals:         0       3       0       0       0       0       0       0       0       0       0       0       0       0
Total ram usage:        3 bytes
 Hardware stack levels used:    1
 Hardware stack levels required when called:    6
 This function calls:
		Nothing
 This function is called by:
		_CheckUsb
 This function uses a non-reentrant model


 *************** function _ProcessIncommingData *****************
 Defined at:
		line 83 in file "Source/Main.c"
 Parameters:    Size  Location     Type
		None
 Auto vars:     Size  Location     Type
		None
 Return value:  Size  Location     Type
                  1    wreg      void 
 Registers used:
		wreg, fsr1l, fsr1h, status,2, status,0, pclath, cstack
 Tracked objects:
		On entry : 
		On exit  : 
		Unchanged: 
 Data sizes:     COMMON   BANK0   BANK1   BANK2   BANK3   BANK4   BANK5   BANK6   BANK7   BANK8   BANK9  BANK10  BANK11  BANK12
      Params:         0       0       0       0       0       0       0       0       0       0       0       0       0       0
      Locals:         0       0       0       0       0       0       0       0       0       0       0       0       0       0
      Temps:          0       0       0       0       0       0       0       0       0       0       0       0       0       0
      Totals:         0       0       0       0       0       0       0       0       0       0       0       0       0       0
Total ram usage:        0 bytes
 Hardware stack levels used:    1
 Hardware stack levels required when called:    7
 This function calls:
		_PrepareTxBuffer
 This function is called by:
		_CheckUsb
 This function uses a non-reentrant model


 *************** function _PrepareTxBuffer *****************
 Defined at:
		line 68 in file "Source/Main.c"
 Parameters:    Size  Location     Type
		None
 Auto vars:     Size  Location     Type
  i               1    1[BANK0 ] unsigned char 
 Return value:  Size  Location     Type
                  1    wreg      void 
 Registers used:
		wreg, fsr1l, fsr1h, status,2, status,0
 Tracked objects:
		On entry : 
		On exit  : 
		Unchanged: 
 Data sizes:     COMMON   BANK0   BANK1   BANK2   BANK3   BANK4   BANK5   BANK6   BANK7   BANK8   BANK9  BANK10  BANK11  BANK12
      Params:         0       0       0       0       0       0       0       0       0       0       0       0       0       0
      Locals:         0       1       0       0       0       0       0       0       0       0       0       0       0       0
      Temps:          0       1       0       0       0       0       0       0       0       0       0       0       0       0
      Totals:         0       2       0       0       0       0       0       0       0       0       0       0       0       0
Total ram usage:        2 bytes
 Hardware stack levels used:    1
 Hardware stack levels required when called:    6
 This function calls:
		Nothing
 This function is called by:
		_ProcessIncommingData
		_ProcessIO
 This function uses a non-reentrant model


 *************** function _IsUsbDataAvaialble *****************
 Defined at:
		line 184 in file "Source/Usb.c"
 Parameters:    Size  Location     Type
  InterfaceNo     1    wreg     unsigned char 
 Auto vars:     Size  Location     Type
  InterfaceNo     1    1[BANK0 ] unsigned char 
 Return value:  Size  Location     Type
                  1    wreg      unsigned char 
 Registers used:
		wreg, fsr1l, fsr1h, status,2, status,0
 Tracked objects:
		On entry : 
		On exit  : 
		Unchanged: 
 Data sizes:     COMMON   BANK0   BANK1   BANK2   BANK3   BANK4   BANK5   BANK6   BANK7   BANK8   BANK9  BANK10  BANK11  BANK12
      Params:         0       0       0       0       0       0       0       0       0       0       0       0       0       0
      Locals:         0       1       0       0       0       0       0       0       0       0       0       0       0       0
      Temps:          0       1       0       0       0       0       0       0       0       0       0       0       0       0
      Totals:         0       2       0       0       0       0       0       0       0       0       0       0       0       0
Total ram usage:        2 bytes
 Hardware stack levels used:    1
 Hardware stack levels required when called:    6
 This function calls:
		Nothing
 This function is called by:
		_CheckUsb
 This function uses a non-reentrant model


 *************** function _HIDSend *****************
 Defined at:
		line 214 in file "Source/Usb.c"
 Parameters:    Size  Location     Type
  InterfaceNo     1    wreg     unsigned char 
 Auto vars:     Size  Location     Type
  InterfaceNo     1    2[BANK0 ] unsigned char 
 Return value:  Size  Location     Type
                  1    wreg      void 
 Registers used:
		wreg, fsr1l, fsr1h, status,2, status,0
 Tracked objects:
		On entry : 
		On exit  : 
		Unchanged: 
 Data sizes:     COMMON   BANK0   BANK1   BANK2   BANK3   BANK4   BANK5   BANK6   BANK7   BANK8   BANK9  BANK10  BANK11  BANK12
      Params:         0       0       0       0       0       0       0       0       0       0       0       0       0       0
      Locals:         0       1       0       0       0       0       0       0       0       0       0       0       0       0
      Temps:          0       2       0       0       0       0       0       0       0       0       0       0       0       0
      Totals:         0       3       0       0       0       0       0       0       0       0       0       0       0       0
Total ram usage:        3 bytes
 Hardware stack levels used:    1
 Hardware stack levels required when called:    6
 This function calls:
		Nothing
 This function is called by:
		_CheckUsb
		_ProcessIO
 This function uses a non-reentrant model


 *************** function _InitializeUSB *****************
 Defined at:
		line 760 in file "Source/Usb.c"
 Parameters:    Size  Location     Type
		None
 Auto vars:     Size  Location     Type
		None
 Return value:  Size  Location     Type
                  1    wreg      void 
 Registers used:
		wreg, status,2, status,0, pclath, cstack
 Tracked objects:
		On entry : 
		On exit  : 
		Unchanged: 
 Data sizes:     COMMON   BANK0   BANK1   BANK2   BANK3   BANK4   BANK5   BANK6   BANK7   BANK8   BANK9  BANK10  BANK11  BANK12
      Params:         0       0       0       0       0       0       0       0       0       0       0       0       0       0
      Locals:         0       0       0       0       0       0       0       0       0       0       0       0       0       0
      Temps:          0       0       0       0       0       0       0       0       0       0       0       0       0       0
      Totals:         0       0       0       0       0       0       0       0       0       0       0       0       0       0
Total ram usage:        0 bytes
 Hardware stack levels used:    1
 Hardware stack levels required when called:    7
 This function calls:
		_ResetPPBuffers
 This function is called by:
		_main
 This function uses a non-reentrant model


 *************** function _ResetPPBuffers *****************
 Defined at:
		line 751 in file "Source/Usb.c"
 Parameters:    Size  Location     Type
		None
 Auto vars:     Size  Location     Type
		None
 Return value:  Size  Location     Type
                  1    wreg      void 
 Registers used:
		None
 Tracked objects:
		On entry : 
		On exit  : 
		Unchanged: 
 Data sizes:     COMMON   BANK0   BANK1   BANK2   BANK3   BANK4   BANK5   BANK6   BANK7   BANK8   BANK9  BANK10  BANK11  BANK12
      Params:         0       0       0       0       0       0       0       0       0       0       0       0       0       0
      Locals:         0       0       0       0       0       0       0       0       0       0       0       0       0       0
      Temps:          0       0       0       0       0       0       0       0       0       0       0       0       0       0
      Totals:         0       0       0       0       0       0       0       0       0       0       0       0       0       0
Total ram usage:        0 bytes
 Hardware stack levels used:    1
 Hardware stack levels required when called:    6
 This function calls:
		Nothing
 This function is called by:
		_InitializeUSB
 This function uses a non-reentrant model


 *************** function _InitializeSystem *****************
 Defined at:
		line 44 in file "Source/Main.c"
 Parameters:    Size  Location     Type
		None
 Auto vars:     Size  Location     Type
		None
 Return value:  Size  Location     Type
                  1    wreg      void 
 Registers used:
		wreg, status,2
 Tracked objects:
		On entry : 
		On exit  : 
		Unchanged: 
 Data sizes:     COMMON   BANK0   BANK1   BANK2   BANK3   BANK4   BANK5   BANK6   BANK7   BANK8   BANK9  BANK10  BANK11  BANK12
      Params:         0       0       0       0       0       0       0       0       0       0       0       0       0       0
      Locals:         0       0       0       0       0       0       0       0       0       0       0       0       0       0
      Temps:          0       0       0       0       0       0       0       0       0       0       0       0       0       0
      Totals:         0       0       0       0       0       0       0       0       0       0       0       0       0       0
Total ram usage:        0 bytes
 Hardware stack levels used:    1
 Hardware stack levels required when called:    6
 This function calls:
		Nothing
 This function is called by:
		_main
 This function uses a non-reentrant model


 *************** function _EnableUSBModule *****************
 Defined at:
		line 772 in file "Source/Usb.c"
 Parameters:    Size  Location     Type
		None
 Auto vars:     Size  Location     Type
		None
 Return value:  Size  Location     Type
                  1    wreg      void 
 Registers used:
		wreg, status,2
 Tracked objects:
		On entry : 
		On exit  : 
		Unchanged: 
 Data sizes:     COMMON   BANK0   BANK1   BANK2   BANK3   BANK4   BANK5   BANK6   BANK7   BANK8   BANK9  BANK10  BANK11  BANK12
      Params:         0       0       0       0       0       0       0       0       0       0       0       0       0       0
      Locals:         0       0       0       0       0       0       0       0       0       0       0       0       0       0
      Temps:          0       1       0       0       0       0       0       0       0       0       0       0       0       0
      Totals:         0       1       0       0       0       0       0       0       0       0       0       0       0       0
Total ram usage:        1 bytes
 Hardware stack levels used:    1
 Hardware stack levels required when called:    6
 This function calls:
		Nothing
 This function is called by:
		_main
 This function uses a non-reentrant model


 *************** function _EnableInterrupts *****************
 Defined at:
		line 59 in file "Source/Main.c"
 Parameters:    Size  Location     Type
		None
 Auto vars:     Size  Location     Type
		None
 Return value:  Size  Location     Type
                  1    wreg      void 
 Registers used:
		wreg
 Tracked objects:
		On entry : 
		On exit  : 
		Unchanged: 
 Data sizes:     COMMON   BANK0   BANK1   BANK2   BANK3   BANK4   BANK5   BANK6   BANK7   BANK8   BANK9  BANK10  BANK11  BANK12
      Params:         0       0       0       0       0       0       0       0       0       0       0       0       0       0
      Locals:         0       0       0       0       0       0       0       0       0       0       0       0       0       0
      Temps:          0       0       0       0       0       0       0       0       0       0       0       0       0       0
      Totals:         0       0       0       0       0       0       0       0       0       0       0       0       0       0
Total ram usage:        0 bytes
 Hardware stack levels used:    1
 Hardware stack levels required when called:    6
 This function calls:
		Nothing
 This function is called by:
		_main
 This function uses a non-reentrant model


 *************** function _ISRCode *****************
 Defined at:
		line 39 in file "Source/Main.c"
 Parameters:    Size  Location     Type
		None
 Auto vars:     Size  Location     Type
		None
 Return value:  Size  Location     Type
                  1    wreg      void 
 Registers used:
		wreg, fsr0l, fsr0h, fsr1l, fsr1h, status,2, status,0, pclath, cstack
 Tracked objects:
		On entry : 
		On exit  : 
		Unchanged: 
 Data sizes:     COMMON   BANK0   BANK1   BANK2   BANK3   BANK4   BANK5   BANK6   BANK7   BANK8   BANK9  BANK10  BANK11  BANK12
      Params:         0       0       0       0       0       0       0       0       0       0       0       0       0       0
      Locals:         0       0       0       0       0       0       0       0       0       0       0       0       0       0
      Temps:          1       0       0       0       0       0       0       0       0       0       0       0       0       0
      Totals:         1       0       0       0       0       0       0       0       0       0       0       0       0       0
Total ram usage:        1 bytes
 Hardware stack levels used:    1
 Hardware stack levels required when called:    5
 This function calls:
		_ProcessUSBTransactions
 This function is called by:
		Interrupt level 1
 This function uses a non-reentrant model


 *************** function _ProcessUSBTransactions *****************
 Defined at:
		line 858 in file "Source/Usb.c"
 Parameters:    Size  Location     Type
		None
 Auto vars:     Size  Location     Type
		None
 Return value:  Size  Location     Type
                  1    wreg      void 
 Registers used:
		wreg, fsr0l, fsr0h, fsr1l, fsr1h, status,2, status,0, pclath, cstack
 Tracked objects:
		On entry : 
		On exit  : 
		Unchanged: 
 Data sizes:     COMMON   BANK0   BANK1   BANK2   BANK3   BANK4   BANK5   BANK6   BANK7   BANK8   BANK9  BANK10  BANK11  BANK12
      Params:         0       0       0       0       0       0       0       0       0       0       0       0       0       0
      Locals:         0       0       0       0       0       0       0       0       0       0       0       0       0       0
      Temps:          1       0       0       0       0       0       0       0       0       0       0       0       0       0
      Totals:         1       0       0       0       0       0       0       0       0       0       0       0       0       0
Total ram usage:        1 bytes
 Hardware stack levels used:    1
 Hardware stack levels required when called:    4
 This function calls:
		_BusReset
		_ProcessControlTransfer
		_Stall
		_StartOfFrame
		_Suspend
		_UnSuspend
 This function is called by:
		_ISRCode
 This function uses a non-reentrant model


 *************** function _UnSuspend *****************
 Defined at:
		line 796 in file "Source/Usb.c"
 Parameters:    Size  Location     Type
		None
 Auto vars:     Size  Location     Type
		None
 Return value:  Size  Location     Type
                  1    wreg      void 
 Registers used:
		wreg, status,2, status,0
 Tracked objects:
		On entry : 
		On exit  : 
		Unchanged: 
 Data sizes:     COMMON   BANK0   BANK1   BANK2   BANK3   BANK4   BANK5   BANK6   BANK7   BANK8   BANK9  BANK10  BANK11  BANK12
      Params:         0       0       0       0       0       0       0       0       0       0       0       0       0       0
      Locals:         0       0       0       0       0       0       0       0       0       0       0       0       0       0
      Temps:          1       0       0       0       0       0       0       0       0       0       0       0       0       0
      Totals:         1       0       0       0       0       0       0       0       0       0       0       0       0       0
Total ram usage:        1 bytes
 Hardware stack levels used:    1
 This function calls:
		Nothing
 This function is called by:
		_ProcessUSBTransactions
 This function uses a non-reentrant model


 *************** function _Suspend *****************
 Defined at:
		line 824 in file "Source/Usb.c"
 Parameters:    Size  Location     Type
		None
 Auto vars:     Size  Location     Type
		None
 Return value:  Size  Location     Type
                  1    wreg      void 
 Registers used:
		wreg, status,2, status,0
 Tracked objects:
		On entry : 
		On exit  : 
		Unchanged: 
 Data sizes:     COMMON   BANK0   BANK1   BANK2   BANK3   BANK4   BANK5   BANK6   BANK7   BANK8   BANK9  BANK10  BANK11  BANK12
      Params:         0       0       0       0       0       0       0       0       0       0       0       0       0       0
      Locals:         0       0       0       0       0       0       0       0       0       0       0       0       0       0
      Temps:          1       0       0       0       0       0       0       0       0       0       0       0       0       0
      Totals:         1       0       0       0       0       0       0       0       0       0       0       0       0       0
Total ram usage:        1 bytes
 Hardware stack levels used:    1
 This function calls:
		Nothing
 This function is called by:
		_ProcessUSBTransactions
 This function uses a non-reentrant model


 *************** function _StartOfFrame *****************
 Defined at:
		line 805 in file "Source/Usb.c"
 Parameters:    Size  Location     Type
		None
 Auto vars:     Size  Location     Type
		None
 Return value:  Size  Location     Type
                  1    wreg      void 
 Registers used:
		None
 Tracked objects:
		On entry : 
		On exit  : 
		Unchanged: 
 Data sizes:     COMMON   BANK0   BANK1   BANK2   BANK3   BANK4   BANK5   BANK6   BANK7   BANK8   BANK9  BANK10  BANK11  BANK12
      Params:         0       0       0       0       0       0       0       0       0       0       0       0       0       0
      Locals:         0       0       0       0       0       0       0       0       0       0       0       0       0       0
      Temps:          0       0       0       0       0       0       0       0       0       0       0       0       0       0
      Totals:         0       0       0       0       0       0       0       0       0       0       0       0       0       0
Total ram usage:        0 bytes
 Hardware stack levels used:    1
 This function calls:
		Nothing
 This function is called by:
		_ProcessUSBTransactions
 This function uses a non-reentrant model


 *************** function _Stall *****************
 Defined at:
		line 812 in file "Source/Usb.c"
 Parameters:    Size  Location     Type
		None
 Auto vars:     Size  Location     Type
		None
 Return value:  Size  Location     Type
                  1    wreg      void 
 Registers used:
		wreg, status,2, status,0, pclath, cstack
 Tracked objects:
		On entry : 
		On exit  : 
		Unchanged: 
 Data sizes:     COMMON   BANK0   BANK1   BANK2   BANK3   BANK4   BANK5   BANK6   BANK7   BANK8   BANK9  BANK10  BANK11  BANK12
      Params:         0       0       0       0       0       0       0       0       0       0       0       0       0       0
      Locals:         0       0       0       0       0       0       0       0       0       0       0       0       0       0
      Temps:          0       0       0       0       0       0       0       0       0       0       0       0       0       0
      Totals:         0       0       0       0       0       0       0       0       0       0       0       0       0       0
Total ram usage:        0 bytes
 Hardware stack levels used:    1
 Hardware stack levels required when called:    1
 This function calls:
		_WaitForSetupStage
 This function is called by:
		_ProcessUSBTransactions
 This function uses a non-reentrant model


 *************** function _ProcessControlTransfer *****************
 Defined at:
		line 691 in file "Source/Usb.c"
 Parameters:    Size  Location     Type
		None
 Auto vars:     Size  Location     Type
  PID             1   11[COMMON] unsigned char 
 Return value:  Size  Location     Type
                  1    wreg      void 
 Registers used:
		wreg, fsr0l, fsr0h, fsr1l, fsr1h, status,2, status,0, pclath, cstack
 Tracked objects:
		On entry : 
		On exit  : 
		Unchanged: 
 Data sizes:     COMMON   BANK0   BANK1   BANK2   BANK3   BANK4   BANK5   BANK6   BANK7   BANK8   BANK9  BANK10  BANK11  BANK12
      Params:         0       0       0       0       0       0       0       0       0       0       0       0       0       0
      Locals:         1       0       0       0       0       0       0       0       0       0       0       0       0       0
      Temps:          2       0       0       0       0       0       0       0       0       0       0       0       0       0
      Totals:         3       0       0       0       0       0       0       0       0       0       0       0       0       0
Total ram usage:        3 bytes
 Hardware stack levels used:    1
 Hardware stack levels required when called:    3
 This function calls:
		_InDataStage
		_OutDataStage
		_SetupStage
		_WaitForSetupStage
 This function is called by:
		_ProcessUSBTransactions
 This function uses a non-reentrant model


 *************** function _SetupStage *****************
 Defined at:
		line 610 in file "Source/Usb.c"
 Parameters:    Size  Location     Type
		None
 Auto vars:     Size  Location     Type
		None
 Return value:  Size  Location     Type
                  1    wreg      void 
 Registers used:
		wreg, fsr0l, fsr0h, fsr1l, fsr1h, status,2, status,0, pclath, cstack
 Tracked objects:
		On entry : 
		On exit  : 
		Unchanged: 
 Data sizes:     COMMON   BANK0   BANK1   BANK2   BANK3   BANK4   BANK5   BANK6   BANK7   BANK8   BANK9  BANK10  BANK11  BANK12
      Params:         0       0       0       0       0       0       0       0       0       0       0       0       0       0
      Locals:         0       0       0       0       0       0       0       0       0       0       0       0       0       0
      Temps:          1       0       0       0       0       0       0       0       0       0       0       0       0       0
      Totals:         1       0       0       0       0       0       0       0       0       0       0       0       0       0
Total ram usage:        1 bytes
 Hardware stack levels used:    1
 Hardware stack levels required when called:    2
 This function calls:
		_InDataStage
		_ProcessHIDRequest
		_ProcessStandardRequest
 This function is called by:
		_ProcessControlTransfer
 This function uses a non-reentrant model


 *************** function _ProcessStandardRequest *****************
 Defined at:
		line 473 in file "Source/Usb.c"
 Parameters:    Size  Location     Type
		None
 Auto vars:     Size  Location     Type
  request         1    7[COMMON] unsigned char 
 Return value:  Size  Location     Type
                  1    wreg      void 
 Registers used:
		wreg, fsr0l, fsr0h, fsr1l, fsr1h, status,2, status,0, pclath, cstack
 Tracked objects:
		On entry : 
		On exit  : 
		Unchanged: 
 Data sizes:     COMMON   BANK0   BANK1   BANK2   BANK3   BANK4   BANK5   BANK6   BANK7   BANK8   BANK9  BANK10  BANK11  BANK12
      Params:         0       0       0       0       0       0       0       0       0       0       0       0       0       0
      Locals:         1       0       0       0       0       0       0       0       0       0       0       0       0       0
      Temps:          1       0       0       0       0       0       0       0       0       0       0       0       0       0
      Totals:         2       0       0       0       0       0       0       0       0       0       0       0       0       0
Total ram usage:        2 bytes
 Hardware stack levels used:    1
 Hardware stack levels required when called:    1
 This function calls:
		_GetDescriptor
		_GetStatus
		_HIDInitEndpoints
		_SetFeature
 This function is called by:
		_SetupStage
 This function uses a non-reentrant model


 *************** function _SetFeature *****************
 Defined at:
		line 427 in file "Source/Usb.c"
 Parameters:    Size  Location     Type
		None
 Auto vars:     Size  Location     Type
  endpointDir     1    5[COMMON] unsigned char 
  endpointNum     1    4[COMMON] unsigned char 
  feature         1    3[COMMON] unsigned char 
  recipient       1    2[COMMON] unsigned char 
 Return value:  Size  Location     Type
                  1    wreg      void 
 Registers used:
		wreg, fsr1l, fsr1h, status,2, status,0
 Tracked objects:
		On entry : 
		On exit  : 
		Unchanged: 
 Data sizes:     COMMON   BANK0   BANK1   BANK2   BANK3   BANK4   BANK5   BANK6   BANK7   BANK8   BANK9  BANK10  BANK11  BANK12
      Params:         0       0       0       0       0       0       0       0       0       0       0       0       0       0
      Locals:         4       0       0       0       0       0       0       0       0       0       0       0       0       0
      Temps:          2       0       0       0       0       0       0       0       0       0       0       0       0       0
      Totals:         6       0       0       0       0       0       0       0       0       0       0       0       0       0
Total ram usage:        6 bytes
 Hardware stack levels used:    1
 This function calls:
		Nothing
 This function is called by:
		_ProcessStandardRequest
 This function uses a non-reentrant model


 *************** function _HIDInitEndpoints *****************
 Defined at:
		line 231 in file "Source/Usb.c"
 Parameters:    Size  Location     Type
		None
 Auto vars:     Size  Location     Type
  i               1    4[COMMON] unsigned char 
 Return value:  Size  Location     Type
                  1    wreg      void 
 Registers used:
		wreg, fsr1l, fsr1h, status,2, status,0
 Tracked objects:
		On entry : 
		On exit  : 
		Unchanged: 
 Data sizes:     COMMON   BANK0   BANK1   BANK2   BANK3   BANK4   BANK5   BANK6   BANK7   BANK8   BANK9  BANK10  BANK11  BANK12
      Params:         0       0       0       0       0       0       0       0       0       0       0       0       0       0
      Locals:         1       0       0       0       0       0       0       0       0       0       0       0       0       0
      Temps:          4       0       0       0       0       0       0       0       0       0       0       0       0       0
      Totals:         5       0       0       0       0       0       0       0       0       0       0       0       0       0
Total ram usage:        5 bytes
 Hardware stack levels used:    1
 This function calls:
		Nothing
 This function is called by:
		_ProcessStandardRequest
 This function uses a non-reentrant model


 *************** function _GetStatus *****************
 Defined at:
		line 380 in file "Source/Usb.c"
 Parameters:    Size  Location     Type
		None
 Auto vars:     Size  Location     Type
  endpointDir     1    3[COMMON] unsigned char 
  endpointNum     1    2[COMMON] unsigned char 
  recipient       1    4[COMMON] unsigned char 
 Return value:  Size  Location     Type
                  1    wreg      void 
 Registers used:
		wreg, fsr1l, fsr1h, status,2, status,0
 Tracked objects:
		On entry : 
		On exit  : 
		Unchanged: 
 Data sizes:     COMMON   BANK0   BANK1   BANK2   BANK3   BANK4   BANK5   BANK6   BANK7   BANK8   BANK9  BANK10  BANK11  BANK12
      Params:         0       0       0       0       0       0       0       0       0       0       0       0       0       0
      Locals:         3       0       0       0       0       0       0       0       0       0       0       0       0       0
      Temps:          2       0       0       0       0       0       0       0       0       0       0       0       0       0
      Totals:         5       0       0       0       0       0       0       0       0       0       0       0       0       0
Total ram usage:        5 bytes
 Hardware stack levels used:    1
 This function calls:
		Nothing
 This function is called by:
		_ProcessStandardRequest
 This function uses a non-reentrant model


 *************** function _GetDescriptor *****************
 Defined at:
		line 341 in file "Source/Usb.c"
 Parameters:    Size  Location     Type
		None
 Auto vars:     Size  Location     Type
  descriptorTy    1    4[COMMON] unsigned char 
  descriptorIn    1    3[COMMON] unsigned char 
 Return value:  Size  Location     Type
                  1    wreg      void 
 Registers used:
		wreg, fsr0l, fsr0h, status,2, status,0, pclath
 Tracked objects:
		On entry : 
		On exit  : 
		Unchanged: 
 Data sizes:     COMMON   BANK0   BANK1   BANK2   BANK3   BANK4   BANK5   BANK6   BANK7   BANK8   BANK9  BANK10  BANK11  BANK12
      Params:         0       0       0       0       0       0       0       0       0       0       0       0       0       0
      Locals:         2       0       0       0       0       0       0       0       0       0       0       0       0       0
      Temps:          3       0       0       0       0       0       0       0       0       0       0       0       0       0
      Totals:         5       0       0       0       0       0       0       0       0       0       0       0       0       0
Total ram usage:        5 bytes
 Hardware stack levels used:    1
 This function calls:
		Nothing
 This function is called by:
		_ProcessStandardRequest
 This function uses a non-reentrant model


 *************** function _ProcessHIDRequest *****************
 Defined at:
		line 256 in file "Source/Usb.c"
 Parameters:    Size  Location     Type
		None
 Auto vars:     Size  Location     Type
  descriptorTy    1    1[COMMON] unsigned char 
  bRequest        1    2[COMMON] unsigned char 
 Return value:  Size  Location     Type
                  1    wreg      void 
 Registers used:
		wreg, status,2, status,0
 Tracked objects:
		On entry : 
		On exit  : 
		Unchanged: 
 Data sizes:     COMMON   BANK0   BANK1   BANK2   BANK3   BANK4   BANK5   BANK6   BANK7   BANK8   BANK9  BANK10  BANK11  BANK12
      Params:         0       0       0       0       0       0       0       0       0       0       0       0       0       0
      Locals:         2       0       0       0       0       0       0       0       0       0       0       0       0       0
      Temps:          1       0       0       0       0       0       0       0       0       0       0       0       0       0
      Totals:         3       0       0       0       0       0       0       0       0       0       0       0       0       0
Total ram usage:        3 bytes
 Hardware stack levels used:    1
 This function calls:
		Nothing
 This function is called by:
		_SetupStage
 This function uses a non-reentrant model


 *************** function _InDataStage *****************
 Defined at:
		line 561 in file "Source/Usb.c"
 Parameters:    Size  Location     Type
		None
 Auto vars:     Size  Location     Type
  bufferSize      2    3[COMMON] unsigned short 
  i               1    2[COMMON] unsigned char 
 Return value:  Size  Location     Type
                  1    wreg      void 
 Registers used:
		wreg, fsr0l, fsr0h, fsr1l, fsr1h, status,2, status,0, pclath
 Tracked objects:
		On entry : 
		On exit  : 
		Unchanged: 
 Data sizes:     COMMON   BANK0   BANK1   BANK2   BANK3   BANK4   BANK5   BANK6   BANK7   BANK8   BANK9  BANK10  BANK11  BANK12
      Params:         0       0       0       0       0       0       0       0       0       0       0       0       0       0
      Locals:         3       0       0       0       0       0       0       0       0       0       0       0       0       0
      Temps:          2       0       0       0       0       0       0       0       0       0       0       0       0       0
      Totals:         5       0       0       0       0       0       0       0       0       0       0       0       0       0
Total ram usage:        5 bytes
 Hardware stack levels used:    1
 This function calls:
		Nothing
 This function is called by:
		_SetupStage
		_ProcessControlTransfer
 This function uses a non-reentrant model


 *************** function _OutDataStage *****************
 Defined at:
		line 590 in file "Source/Usb.c"
 Parameters:    Size  Location     Type
		None
 Auto vars:     Size  Location     Type
  bufferSize      2    3[COMMON] unsigned short 
  i               2    1[COMMON] unsigned short 
 Return value:  Size  Location     Type
                  1    wreg      void 
 Registers used:
		wreg, fsr1l, fsr1h, status,2, status,0
 Tracked objects:
		On entry : 
		On exit  : 
		Unchanged: 
 Data sizes:     COMMON   BANK0   BANK1   BANK2   BANK3   BANK4   BANK5   BANK6   BANK7   BANK8   BANK9  BANK10  BANK11  BANK12
      Params:         0       0       0       0       0       0       0       0       0       0       0       0       0       0
      Locals:         4       0       0       0       0       0       0       0       0       0       0       0       0       0
      Temps:          1       0       0       0       0       0       0       0       0       0       0       0       0       0
      Totals:         5       0       0       0       0       0       0       0       0       0       0       0       0       0
Total ram usage:        5 bytes
 Hardware stack levels used:    1
 This function calls:
		Nothing
 This function is called by:
		_ProcessControlTransfer
 This function uses a non-reentrant model


 *************** function _BusReset *****************
 Defined at:
		line 831 in file "Source/Usb.c"
 Parameters:    Size  Location     Type
		None
 Auto vars:     Size  Location     Type
		None
 Return value:  Size  Location     Type
                  1    wreg      void 
 Registers used:
		wreg, status,2, status,0, pclath, cstack
 Tracked objects:
		On entry : 
		On exit  : 
		Unchanged: 
 Data sizes:     COMMON   BANK0   BANK1   BANK2   BANK3   BANK4   BANK5   BANK6   BANK7   BANK8   BANK9  BANK10  BANK11  BANK12
      Params:         0       0       0       0       0       0       0       0       0       0       0       0       0       0
      Locals:         0       0       0       0       0       0       0       0       0       0       0       0       0       0
      Temps:          1       0       0       0       0       0       0       0       0       0       0       0       0       0
      Totals:         1       0       0       0       0       0       0       0       0       0       0       0       0       0
Total ram usage:        1 bytes
 Hardware stack levels used:    1
 Hardware stack levels required when called:    1
 This function calls:
		_WaitForSetupStage
 This function is called by:
		_ProcessUSBTransactions
 This function uses a non-reentrant model


 *************** function _WaitForSetupStage *****************
 Defined at:
		line 678 in file "Source/Usb.c"
 Parameters:    Size  Location     Type
		None
 Auto vars:     Size  Location     Type
		None
 Return value:  Size  Location     Type
                  1    wreg      void 
 Registers used:
		wreg, status,2, status,0
 Tracked objects:
		On entry : 
		On exit  : 
		Unchanged: 
 Data sizes:     COMMON   BANK0   BANK1   BANK2   BANK3   BANK4   BANK5   BANK6   BANK7   BANK8   BANK9  BANK10  BANK11  BANK12
      Params:         0       0       0       0       0       0       0       0       0       0       0       0       0       0
      Locals:         0       0       0       0       0       0       0       0       0       0       0       0       0       0
      Temps:          1       0       0       0       0       0       0       0       0       0       0       0       0       0
      Totals:         1       0       0       0       0       0       0       0       0       0       0       0       0       0
Total ram usage:        1 bytes
 Hardware stack levels used:    1
 This function calls:
		Nothing
 This function is called by:
		_ProcessControlTransfer
		_Stall
		_BusReset
 This function uses a non-reentrant model



MODULE INFORMATION

Module		Function		Class		Link	Load	Size
Source/Usb.c
		_GetDescriptor 		CODE           	0442	0000	90
		_Suspend       		CODE           	06E0	0000	9
		_EnableUSBModule		CODE           	0649	0000	23
		_ProcessHIDRequest		CODE           	01CC	0000	124
		_GetStatus     		CODE           	0546	0000	85
		_IsUsbDataAvaialble		CODE           	05CD	0000	38
		_WaitForSetupStage		CODE           	06B9	0000	15
		_HIDSend       		CODE           	04F1	0000	86
		_Stall         		CODE           	06C7	0000	10
		_ReArmInterface		CODE           	049B	0000	87
		_InitializeUSB 		CODE           	06AA	0000	16
		_ProcessControlTransfer		CODE           	03E4	0000	95
		_ResetPPBuffers		CODE           	06F2	0000	5
		_ProcessStandardRequest		CODE           	0247	0000	117
		_OutDataStage  		CODE           	059A	0000	52
		_HIDInitEndpoints		CODE           	00CB	0000	133
		_SetFeature    		CODE           	0384	0000	97
		_BusReset      		CODE           	062F	0000	27
		_UnSuspend     		CODE           	06D8	0000	9
		_StartOfFrame  		CODE           	06F6	0000	4
		_SetupStage    		CODE           	0323	0000	98
		_ProcessUSBTransactions		CODE           	02BB	0000	105
		_InDataStage   		CODE           	014F	0000	126

Source/Usb.c estimated size: 1451

Source/Main.c
		_main          		CODE           	069A	0000	17
		_PrepareTxBuffer		CODE           	05F2	0000	32
		_EnableInterrupts		CODE           	06D0	0000	9
		_InitializeSystem		CODE           	0674	0000	21
		_CheckUsb      		CODE           	0688	0000	19
		_ProcessIO     		CODE           	0611	0000	31
		_ISRCode       		CODE           	0004	0000	15
		_ProcessIncommingData		CODE           	065F	0000	22

Source/Main.c estimated size: 166

shared
		_ConfigurationDescriptor		STRCODE        	0064	0000	42
		_StringDescriptorPointers		STRCODE        	002F	0000	7
		_StringDescriptor0		STRCODE        	00C8	0000	4
		_StringDescriptor1		STRCODE        	00BB	0000	14
		_StringDescriptor2		STRCODE        	008D	0000	29
		__initialization		CODE           	0014	0000	24
		_HIDReport     		STRCODE        	0035	0000	48
		_DeviceDescriptor		STRCODE        	00A9	0000	19

shared estimated size: 187

